run eu27_v3_evfta1y: 11 models x 6 feature sets x folds -> 66 cells

[  1/66] F0__fold4__KM                                 IBS nan  C 0.5000  0s
[  2/66] F0__fold4__CoxPH                              IBS nan  C 0.8120  2s
[  3/66] F0__fold4__CoxNet                             IBS nan  C 0.8120  0s
[  4/66] F0__fold4__Cloglog                            IBS nan  C 0.8109  1s
[  5/66] F0__fold4__Cloglog-theory                     IBS nan  C 0.8109  0s
[  6/66] F0__fold4__RSF                                IBS nan  C 0.8077  0s
[  7/66] F0__fold4__BoostedCox                         IBS nan  C 0.8081  101s
[  8/66] F0__fold4__DeepSurv                           IBS nan  C 0.8118  8s
[  9/66] F0__fold4__CoxTime                            IBS nan  C 0.8113  2s
[ 10/66] F0__fold4__DeepHit                            IBS nan  C 0.8120  76s
[ 11/66] F0__fold4__CBNN                               IBS nan  C 0.8119  13s
[ 12/66] F0F1__fold4__KM                               IBS nan  C 0.5000  0s
[ 13/66] F0F1__fold4__CoxPH                            IBS nan  C 0.8642  3s
[ 14/66] F0F1__fold4__CoxNet                           IBS nan  C 0.8637  2s
[ 15/66] F0F1__fold4__Cloglog                          IBS nan  C 0.8660  2s
[ 16/66] F0F1__fold4__Cloglog-theory                   IBS nan  C 0.8683  3s
[ 17/66] F0F1__fold4__RSF                              IBS nan  C 0.8631  7s
[ 18/66] F0F1__fold4__BoostedCox                       IBS nan  C 0.8631  100s
[ 19/66] F0F1__fold4__DeepSurv                         IBS nan  C 0.8656  10s
[ 20/66] F0F1__fold4__CoxTime                          IBS nan  C 0.8627  3s
[ 21/66] F0F1__fold4__DeepHit                          IBS nan  C 0.8693  78s
[ 22/66] F0F1__fold4__CBNN                             IBS nan  C 0.8649  9s
[ 23/66] F0F1F2__fold4__KM                             IBS nan  C 0.5000  0s
[ 24/66] F0F1F2__fold4__CoxPH                          IBS nan  C 0.8640  3s
[ 25/66] F0F1F2__fold4__CoxNet                         IBS nan  C 0.8458  1s
[ 26/66] F0F1F2__fold4__Cloglog                        IBS nan  C 0.8650  3s
[ 27/66] F0F1F2__fold4__Cloglog-theory                 IBS nan  C 0.8674  6s
[ 28/66] F0F1F2__fold4__RSF                            IBS nan  C 0.8617  6s
[ 29/66] F0F1F2__fold4__BoostedCox                     IBS nan  C 0.8621  105s
[ 30/66] F0F1F2__fold4__DeepSurv                       IBS nan  C 0.8602  10s
[ 31/66] F0F1F2__fold4__CoxTime                        IBS nan  C 0.8603  5s
[ 32/66] F0F1F2__fold4__DeepHit                        IBS nan  C 0.8676  44s
[ 33/66] F0F1F2__fold4__CBNN                           IBS nan  C 0.8575  11s
[ 34/66] F0F1F2F3__fold4__KM                           IBS nan  C 0.5000  0s
[ 35/66] F0F1F2F3__fold4__CoxPH                        IBS nan  C 0.8735  4s
[ 36/66] F0F1F2F3__fold4__CoxNet                       IBS nan  C 0.8736  4s
[ 37/66] F0F1F2F3__fold4__Cloglog                      IBS nan  C 0.8732  3s
[ 38/66] F0F1F2F3__fold4__Cloglog-theory               IBS nan  C 0.8756  5s
[ 39/66] F0F1F2F3__fold4__RSF                          IBS nan  C 0.8626  8s
[ 40/66] F0F1F2F3__fold4__BoostedCox                   IBS nan  C 0.8671  104s
[ 41/66] F0F1F2F3__fold4__DeepSurv                     IBS nan  C 0.8663  9s
[ 42/66] F0F1F2F3__fold4__CoxTime                      IBS nan  C 0.8672  3s
[ 43/66] F0F1F2F3__fold4__DeepHit                      IBS nan  C 0.8677  62s
[ 44/66] F0F1F2F3__fold4__CBNN                         IBS nan  C 0.8696  6s
[ 45/66] F0F1F2F3F4__fold4__KM                         IBS nan  C 0.5000  0s
[ 46/66] F0F1F2F3F4__fold4__CoxPH                      IBS nan  C 0.8732  4s
[ 47/66] F0F1F2F3F4__fold4__CoxNet                     IBS nan  C 0.8707  8s
[ 48/66] F0F1F2F3F4__fold4__Cloglog                    IBS nan  C 0.8731  4s
[ 49/66] F0F1F2F3F4__fold4__Cloglog-theory             IBS nan  C 0.8756  6s
[ 50/66] F0F1F2F3F4__fold4__RSF                        IBS nan  C 0.8638  6s
[ 51/66] F0F1F2F3F4__fold4__BoostedCox                 IBS nan  C 0.8689  108s
[ 52/66] F0F1F2F3F4__fold4__DeepSurv                   IBS nan  C 0.8669  14s
[ 53/66] F0F1F2F3F4__fold4__CoxTime                    IBS nan  C 0.8617  5s
[ 54/66] F0F1F2F3F4__fold4__DeepHit                    IBS nan  C 0.8682  67s
[ 55/66] F0F1F2F3F4__fold4__CBNN                       IBS nan  C 0.8642  7s
[ 56/66] F0F1F2F3F4F5__fold4__KM                       IBS nan  C 0.5000  0s
[ 57/66] F0F1F2F3F4F5__fold4__CoxPH                    IBS nan  C 0.8734  5s
[ 58/66] F0F1F2F3F4F5__fold4__CoxNet                   IBS nan  C 0.8647  6s
[ 59/66] F0F1F2F3F4F5__fold4__Cloglog                  IBS nan  C 0.8737  9s
[ 60/66] F0F1F2F3F4F5__fold4__Cloglog-theory           IBS nan  C 0.8764  6s
[ 61/66] F0F1F2F3F4F5__fold4__RSF                      IBS nan  C 0.8652  5s
[ 62/66] F0F1F2F3F4F5__fold4__BoostedCox               IBS nan  C 0.8692  110s
[ 63/66] F0F1F2F3F4F5__fold4__DeepSurv                 IBS nan  C 0.8617  9s
[ 64/66] F0F1F2F3F4F5__fold4__CoxTime                  IBS nan  C 0.8619  4s
[ 65/66] F0F1F2F3F4F5__fold4__DeepHit                  IBS nan  C 0.8621  98s
[ 66/66] F0F1F2F3F4F5__fold4__CBNN                     IBS nan  C 0.8647  8s

wrote /home/minhquang/wits/benchmark/runs/eu27_v3_evfta1y/metrics.parquet  (66 cells)
ALL_DONE
