run eu27_v4: 11 models x 6 feature sets x folds -> 198 cells

[  1/198] F0__fold1__KM                                 IBS 0.13587  C 0.5000  0s
[  2/198] F0__fold1__CoxPH                              IBS 0.11183  C 0.7957  0s
[  3/198] F0__fold1__CoxNet                             IBS 0.11275  C 0.7956  0s
[  4/198] F0__fold1__Cloglog                            IBS 0.11196  C 0.7955  0s
[  5/198] F0__fold1__Cloglog-theory                     IBS 0.11196  C 0.7955  0s
[  6/198] F0__fold1__RSF                                IBS 0.10887  C 0.7934  0s
[  7/198] F0__fold1__BoostedCox                         IBS 0.11771  C 0.7916  68s
[  8/198] F0__fold1__DeepSurv                           IBS 0.11167  C 0.7956  4s
[  9/198] F0__fold1__CoxTime                            IBS 0.11679  C 0.7953  0s
[ 10/198] F0__fold1__DeepHit                            IBS 0.21013  C 0.6602  8s
[ 11/198] F0__fold1__CBNN                               IBS 0.11272  C 0.7953  1s
[ 12/198] F0F1__fold1__KM                               IBS 0.13587  C 0.5000  0s
[ 13/198] F0F1__fold1__CoxPH                            IBS 0.10517  C 0.8316  1s
[ 14/198] F0F1__fold1__CoxNet                           IBS 0.11229  C 0.8243  0s
[ 15/198] F0F1__fold1__Cloglog                          IBS 0.10489  C 0.8280  0s
[ 16/198] F0F1__fold1__Cloglog-theory                   IBS 0.10541  C 0.8278  0s
[ 17/198] F0F1__fold1__RSF                              IBS 0.10297  C 0.8364  10s
[ 18/198] F0F1__fold1__BoostedCox                       IBS 0.11164  C 0.8270  71s
[ 19/198] F0F1__fold1__DeepSurv                         IBS 0.10455  C 0.8359  4s
[ 20/198] F0F1__fold1__CoxTime                          IBS 0.10818  C 0.8237  1s
[ 21/198] F0F1__fold1__DeepHit                          IBS 0.30306  C 0.7628  17s
[ 22/198] F0F1__fold1__CBNN                             IBS 0.11091  C 0.8280  1s
[ 23/198] F0F1F2__fold1__KM                             IBS 0.13587  C 0.5000  0s
[ 24/198] F0F1F2__fold1__CoxPH                          IBS 0.11802  C 0.8265  1s
[ 25/198] F0F1F2__fold1__CoxNet                         IBS 0.11326  C 0.8287  1s
[ 26/198] F0F1F2__fold1__Cloglog                        IBS 0.11035  C 0.8256  0s
[ 27/198] F0F1F2__fold1__Cloglog-theory                 IBS 0.11119  C 0.8254  4s
[ 28/198] F0F1F2__fold1__RSF                            IBS 0.10669  C 0.8311  5s
[ 29/198] F0F1F2__fold1__BoostedCox                     IBS 0.12247  C 0.8054  72s
[ 30/198] F0F1F2__fold1__DeepSurv                       IBS 0.11046  C 0.8336  4s
[ 31/198] F0F1F2__fold1__CoxTime                        IBS 0.12083  C 0.8066  1s
[ 32/198] F0F1F2__fold1__DeepHit                        IBS 0.17456  C 0.6984  8s
[ 33/198] F0F1F2__fold1__CBNN                           IBS 0.10825  C 0.8227  1s
[ 34/198] F0F1F2F3__fold1__KM                           IBS 0.13587  C 0.5000  0s
[ 35/198] F0F1F2F3__fold1__CoxPH                        IBS 0.12949  C 0.8346  2s
[ 36/198] F0F1F2F3__fold1__CoxNet                       IBS 0.12884  C 0.8392  0s
[ 37/198] F0F1F2F3__fold1__Cloglog                      IBS 0.11722  C 0.8329  0s
[ 38/198] F0F1F2F3__fold1__Cloglog-theory               IBS 0.12301  C 0.8374  1s
[ 39/198] F0F1F2F3__fold1__RSF                          IBS 0.11314  C 0.8382  5s
[ 40/198] F0F1F2F3__fold1__BoostedCox                   IBS 0.13664  C 0.7852  72s
[ 41/198] F0F1F2F3__fold1__DeepSurv                     IBS 0.13205  C 0.8394  2s
[ 42/198] F0F1F2F3__fold1__CoxTime                      IBS 0.12250  C 0.8185  1s
[ 43/198] F0F1F2F3__fold1__DeepHit                      IBS 0.29967  C 0.6351  9s
[ 44/198] F0F1F2F3__fold1__CBNN                         IBS 0.12565  C 0.7903  1s
[ 45/198] F0F1F2F3F4__fold1__KM                         IBS 0.13587  C 0.5000  0s
[ 46/198] F0F1F2F3F4__fold1__CoxPH                      IBS 0.13007  C 0.8354  2s
[ 47/198] F0F1F2F3F4__fold1__CoxNet                     IBS 0.12149  C 0.8349  0s
[ 48/198] F0F1F2F3F4__fold1__Cloglog                    IBS 0.11751  C 0.8335  5s
[ 49/198] F0F1F2F3F4__fold1__Cloglog-theory             IBS 0.12365  C 0.8381  1s
[ 50/198] F0F1F2F3F4__fold1__RSF                        IBS 0.11284  C 0.8355  5s
[ 51/198] F0F1F2F3F4__fold1__BoostedCox                 IBS 0.13836  C 0.8042  72s
[ 52/198] F0F1F2F3F4__fold1__DeepSurv                   IBS 0.12906  C 0.8385  1s
[ 53/198] F0F1F2F3F4__fold1__CoxTime                    IBS 0.13140  C 0.8056  0s
[ 54/198] F0F1F2F3F4__fold1__DeepHit                    IBS 0.32203  C 0.6717  10s
[ 55/198] F0F1F2F3F4__fold1__CBNN                       IBS 0.10403  C 0.8273  0s
[ 56/198] F0F1F2F3F4F5__fold1__KM                       IBS 0.13587  C 0.5000  0s
[ 57/198] F0F1F2F3F4F5__fold1__CoxPH                    IBS 0.12983  C 0.8375  2s
[ 58/198] F0F1F2F3F4F5__fold1__CoxNet                   IBS 0.12926  C 0.8421  1s
[ 59/198] F0F1F2F3F4F5__fold1__Cloglog                  IBS 0.11747  C 0.8355  1s
[ 60/198] F0F1F2F3F4F5__fold1__Cloglog-theory           IBS 0.12385  C 0.8407  1s
[ 61/198] F0F1F2F3F4F5__fold1__RSF                      IBS 0.11348  C 0.8401  5s
[ 62/198] F0F1F2F3F4F5__fold1__BoostedCox               IBS 0.13534  C 0.8058  76s
[ 63/198] F0F1F2F3F4F5__fold1__DeepSurv                 IBS 0.12554  C 0.8410  3s
[ 64/198] F0F1F2F3F4F5__fold1__CoxTime                  IBS 0.13915  C 0.8372  1s
[ 65/198] F0F1F2F3F4F5__fold1__DeepHit                  IBS 0.24960  C 0.6462  7s
[ 66/198] F0F1F2F3F4F5__fold1__CBNN                     IBS 0.10644  C 0.8392  1s
[ 67/198] F0__fold2__KM                                 IBS 0.11998  C 0.5000  0s
[ 68/198] F0__fold2__CoxPH                              IBS 0.09885  C 0.7938  0s
[ 69/198] F0__fold2__CoxNet                             IBS 0.09916  C 0.7937  0s
[ 70/198] F0__fold2__Cloglog                            IBS 0.09982  C 0.7936  0s
[ 71/198] F0__fold2__Cloglog-theory                     IBS 0.09982  C 0.7936  0s
[ 72/198] F0__fold2__RSF                                IBS 0.09860  C 0.7900  0s
[ 73/198] F0__fold2__BoostedCox                         IBS 0.10035  C 0.7928  74s
[ 74/198] F0__fold2__DeepSurv                           IBS 0.09875  C 0.7937  2s
[ 75/198] F0__fold2__CoxTime                            IBS 0.09885  C 0.7936  1s
[ 76/198] F0__fold2__DeepHit                            IBS 0.10398  C 0.7523  30s
[ 77/198] F0__fold2__CBNN                               IBS 0.10145  C 0.7936  2s
[ 78/198] F0F1__fold2__KM                               IBS 0.11998  C 0.5000  0s
[ 79/198] F0F1__fold2__CoxPH                            IBS 0.09324  C 0.8298  1s
[ 80/198] F0F1__fold2__CoxNet                           IBS 0.09406  C 0.8277  0s
[ 81/198] F0F1__fold2__Cloglog                          IBS 0.09519  C 0.8264  1s
[ 82/198] F0F1__fold2__Cloglog-theory                   IBS 0.09519  C 0.8261  1s
[ 83/198] F0F1__fold2__RSF                              IBS 0.09227  C 0.8330  6s
[ 84/198] F0F1__fold2__BoostedCox                       IBS 0.09484  C 0.8322  80s
[ 85/198] F0F1__fold2__DeepSurv                         IBS 0.09212  C 0.8357  4s
[ 86/198] F0F1__fold2__CoxTime                          IBS 0.09358  C 0.8343  1s
[ 87/198] F0F1__fold2__DeepHit                          IBS 0.22449  C 0.7702  10s
[ 88/198] F0F1__fold2__CBNN                             IBS 0.09316  C 0.8335  3s
[ 89/198] F0F1F2__fold2__KM                             IBS 0.11998  C 0.5000  0s
[ 90/198] F0F1F2__fold2__CoxPH                          IBS 0.09656  C 0.8289  1s
[ 91/198] F0F1F2__fold2__CoxNet                         IBS 0.09636  C 0.8268  0s
[ 92/198] F0F1F2__fold2__Cloglog                        IBS 0.09612  C 0.8283  1s
[ 93/198] F0F1F2__fold2__Cloglog-theory                 IBS 0.09617  C 0.8282  1s
[ 94/198] F0F1F2__fold2__RSF                            IBS 0.09428  C 0.8318  5s
[ 95/198] F0F1F2__fold2__BoostedCox                     IBS 0.10048  C 0.8207  80s
[ 96/198] F0F1F2__fold2__DeepSurv                       IBS 0.09398  C 0.8333  4s
[ 97/198] F0F1F2__fold2__CoxTime                        IBS 0.09658  C 0.8300  1s
[ 98/198] F0F1F2__fold2__DeepHit                        IBS 0.10096  C 0.7638  9s
[ 99/198] F0F1F2__fold2__CBNN                           IBS 0.09689  C 0.8231  2s
[100/198] F0F1F2F3__fold2__KM                           IBS 0.11998  C 0.5000  0s
[101/198] F0F1F2F3__fold2__CoxPH                        IBS 0.10331  C 0.8405  1s
[102/198] F0F1F2F3__fold2__CoxNet                       IBS 0.10251  C 0.8342  1s
[103/198] F0F1F2F3__fold2__Cloglog                      IBS 0.09853  C 0.8383  1s
[104/198] F0F1F2F3__fold2__Cloglog-theory               IBS 0.10085  C 0.8404  1s
[105/198] F0F1F2F3__fold2__RSF                          IBS 0.09506  C 0.8337  9s
[106/198] F0F1F2F3__fold2__BoostedCox                   IBS 0.11841  C 0.8139  77s
[107/198] F0F1F2F3__fold2__DeepSurv                     IBS 0.10599  C 0.8377  2s
[108/198] F0F1F2F3__fold2__CoxTime                      IBS 0.12175  C 0.8369  1s
[109/198] F0F1F2F3__fold2__DeepHit                      IBS 0.18038  C 0.7090  12s
[110/198] F0F1F2F3__fold2__CBNN                         IBS 0.10508  C 0.8413  2s
[111/198] F0F1F2F3F4__fold2__KM                         IBS 0.11998  C 0.5000  0s
[112/198] F0F1F2F3F4__fold2__CoxPH                      IBS 0.10239  C 0.8273  1s
[113/198] F0F1F2F3F4__fold2__CoxNet                     IBS 0.10099  C 0.8382  1s
[114/198] F0F1F2F3F4__fold2__Cloglog                    IBS 0.09771  C 0.8237  1s
[115/198] F0F1F2F3F4__fold2__Cloglog-theory             IBS 0.09960  C 0.8279  1s
[116/198] F0F1F2F3F4__fold2__RSF                        IBS 0.09504  C 0.8356  8s
[117/198] F0F1F2F3F4__fold2__BoostedCox                 IBS 0.11896  C 0.7883  78s
[118/198] F0F1F2F3F4__fold2__DeepSurv                   IBS 0.10656  C 0.7959  2s
[119/198] F0F1F2F3F4__fold2__CoxTime                    IBS 0.11562  C 0.8082  1s
[120/198] F0F1F2F3F4__fold2__DeepHit                    IBS 0.13048  C 0.7448  8s
[121/198] F0F1F2F3F4__fold2__CBNN                       IBS 0.11799  C 0.7756  1s
[122/198] F0F1F2F3F4F5__fold2__KM                       IBS 0.11998  C 0.5000  0s
[123/198] F0F1F2F3F4F5__fold2__CoxPH                    IBS 0.10237  C 0.8309  1s
[124/198] F0F1F2F3F4F5__fold2__CoxNet                   IBS 0.10286  C 0.8390  1s
[125/198] F0F1F2F3F4F5__fold2__Cloglog                  IBS 0.09801  C 0.8287  1s
[126/198] F0F1F2F3F4F5__fold2__Cloglog-theory           IBS 0.10047  C 0.8331  2s
[127/198] F0F1F2F3F4F5__fold2__RSF                      IBS 0.09757  C 0.8364  8s
[128/198] F0F1F2F3F4F5__fold2__BoostedCox               IBS 0.11001  C 0.8285  78s
[129/198] F0F1F2F3F4F5__fold2__DeepSurv                 IBS 0.10681  C 0.8120  4s
[130/198] F0F1F2F3F4F5__fold2__CoxTime                  IBS 0.11897  C 0.7871  1s
[131/198] F0F1F2F3F4F5__fold2__DeepHit                  IBS 0.13951  C 0.6753  13s
[132/198] F0F1F2F3F4F5__fold2__CBNN                     IBS 0.09990  C 0.8128  4s
[133/198] F0__fold3__KM                                 IBS 0.13163  C 0.5000  0s
[134/198] F0__fold3__CoxPH                              IBS 0.10803  C 0.7965  0s
[135/198] F0__fold3__CoxNet                             IBS 0.11087  C 0.7964  0s
[136/198] F0__fold3__Cloglog                            IBS 0.10833  C 0.7964  0s
[137/198] F0__fold3__Cloglog-theory                     IBS 0.10833  C 0.7964  0s
[138/198] F0__fold3__RSF                                IBS 0.10732  C 0.7949  0s
[139/198] F0__fold3__BoostedCox                         IBS 0.11054  C 0.7943  78s
[140/198] F0__fold3__DeepSurv                           IBS 0.10806  C 0.7948  4s
[141/198] F0__fold3__CoxTime                            IBS 0.10801  C 0.7960  1s
[142/198] F0__fold3__DeepHit                            IBS 0.11579  C 0.7967  20s
[143/198] F0__fold3__CBNN                               IBS 0.10737  C 0.7962  2s
[144/198] F0F1__fold3__KM                               IBS 0.13163  C 0.5000  0s
[145/198] F0F1__fold3__CoxPH                            IBS 0.09981  C 0.8408  2s
[146/198] F0F1__fold3__CoxNet                           IBS 0.10755  C 0.8260  1s
[147/198] F0F1__fold3__Cloglog                          IBS 0.10336  C 0.8375  1s
[148/198] F0F1__fold3__Cloglog-theory                   IBS 0.10340  C 0.8373  1s
[149/198] F0F1__fold3__RSF                              IBS 0.09792  C 0.8422  7s
[150/198] F0F1__fold3__BoostedCox                       IBS 0.10270  C 0.8390  80s
[151/198] F0F1__fold3__DeepSurv                         IBS 0.10110  C 0.8420  4s
[152/198] F0F1__fold3__CoxTime                          IBS 0.10038  C 0.8442  1s
[153/198] F0F1__fold3__DeepHit                          IBS 0.10607  C 0.8394  24s
[154/198] F0F1__fold3__CBNN                             IBS 0.10312  C 0.8431  2s
[155/198] F0F1F2__fold3__KM                             IBS 0.13163  C 0.5000  0s
[156/198] F0F1F2__fold3__CoxPH                          IBS 0.10050  C 0.8408  2s
[157/198] F0F1F2__fold3__CoxNet                         IBS 0.10073  C 0.8393  1s
[158/198] F0F1F2__fold3__Cloglog                        IBS 0.10220  C 0.8391  1s
[159/198] F0F1F2__fold3__Cloglog-theory                 IBS 0.10217  C 0.8391  1s
[160/198] F0F1F2__fold3__RSF                            IBS 0.09975  C 0.8379  8s
[161/198] F0F1F2__fold3__BoostedCox                     IBS 0.10309  C 0.8384  82s
[162/198] F0F1F2__fold3__DeepSurv                       IBS 0.09831  C 0.8449  5s
[163/198] F0F1F2__fold3__CoxTime                        IBS 0.09912  C 0.8435  1s
[164/198] F0F1F2__fold3__DeepHit                        IBS 0.10549  C 0.8385  29s
[165/198] F0F1F2__fold3__CBNN                           IBS 0.10069  C 0.8400  3s
[166/198] F0F1F2F3__fold3__KM                           IBS 0.13163  C 0.5000  0s
[167/198] F0F1F2F3__fold3__CoxPH                        IBS 0.10426  C 0.8530  2s
[168/198] F0F1F2F3__fold3__CoxNet                       IBS 0.10522  C 0.8501  1s
[169/198] F0F1F2F3__fold3__Cloglog                      IBS 0.10335  C 0.8488  1s
[170/198] F0F1F2F3__fold3__Cloglog-theory               IBS 0.10527  C 0.8512  1s
[171/198] F0F1F2F3__fold3__RSF                          IBS 0.10006  C 0.8445  8s
[172/198] F0F1F2F3__fold3__BoostedCox                   IBS 0.10778  C 0.8448  82s
[173/198] F0F1F2F3__fold3__DeepSurv                     IBS 0.10584  C 0.8498  6s
[174/198] F0F1F2F3__fold3__CoxTime                      IBS 0.11984  C 0.8385  1s
[175/198] F0F1F2F3__fold3__DeepHit                      IBS 0.15990  C 0.8326  16s
[176/198] F0F1F2F3__fold3__CBNN                         IBS 0.10727  C 0.8521  4s
[177/198] F0F1F2F3F4__fold3__KM                         IBS 0.13163  C 0.5000  0s
[178/198] F0F1F2F3F4__fold3__CoxPH                      IBS 0.10506  C 0.8532  2s
[179/198] F0F1F2F3F4__fold3__CoxNet                     IBS 0.10348  C 0.8520  1s
[180/198] F0F1F2F3F4__fold3__Cloglog                    IBS 0.10353  C 0.8490  1s
[181/198] F0F1F2F3F4__fold3__Cloglog-theory             IBS 0.10562  C 0.8517  2s
[182/198] F0F1F2F3F4__fold3__RSF                        IBS 0.10011  C 0.8425  6s
[183/198] F0F1F2F3F4__fold3__BoostedCox                 IBS 0.10269  C 0.8412  84s
[184/198] F0F1F2F3F4__fold3__DeepSurv                   IBS 0.10339  C 0.8479  3s
[185/198] F0F1F2F3F4__fold3__CoxTime                    IBS 0.12512  C 0.8320  1s
[186/198] F0F1F2F3F4__fold3__DeepHit                    IBS 0.13601  C 0.8041  18s
[187/198] F0F1F2F3F4__fold3__CBNN                       IBS 0.10742  C 0.8427  2s
[188/198] F0F1F2F3F4F5__fold3__KM                       IBS 0.13163  C 0.5000  0s
[189/198] F0F1F2F3F4F5__fold3__CoxPH                    IBS 0.10523  C 0.8532  2s
[190/198] F0F1F2F3F4F5__fold3__CoxNet                   IBS 0.10551  C 0.8504  2s
[191/198] F0F1F2F3F4F5__fold3__Cloglog                  IBS 0.10362  C 0.8494  4s
[192/198] F0F1F2F3F4F5__fold3__Cloglog-theory           IBS 0.10576  C 0.8528  2s
[193/198] F0F1F2F3F4F5__fold3__RSF                      IBS 0.09974  C 0.8456  6s
[194/198] F0F1F2F3F4F5__fold3__BoostedCox               IBS 0.10303  C 0.8439  83s
[195/198] F0F1F2F3F4F5__fold3__DeepSurv                 IBS 0.09773  C 0.8528  11s
[196/198] F0F1F2F3F4F5__fold3__CoxTime                  IBS 0.12078  C 0.8403  1s
[197/198] F0F1F2F3F4F5__fold3__DeepHit                  IBS 0.13864  C 0.8126  23s
[198/198] F0F1F2F3F4F5__fold3__CBNN                     IBS 0.10052  C 0.8483  4s

wrote /home/minhquang/wits/benchmark/runs/eu27_v4/metrics.parquet  (198 cells)
