run eu27_v3: 11 models x 6 feature sets x folds -> 198 cells

[  1/198] F0__fold1__KM                                 IBS 0.13887  C 0.5000  0s
[  2/198] F0__fold1__CoxPH                              IBS 0.11043  C 0.7738  0s
[  3/198] F0__fold1__CoxNet                             IBS 0.11062  C 0.7738  0s
[  4/198] F0__fold1__Cloglog                            IBS 0.11060  C 0.7738  0s
[  5/198] F0__fold1__Cloglog-theory                     IBS 0.11060  C 0.7738  0s
[  6/198] F0__fold1__RSF                                IBS 0.10972  C 0.7729  0s
[  7/198] F0__fold1__BoostedCox                         IBS 0.11193  C 0.7729  74s
[  8/198] F0__fold1__DeepSurv                           IBS 0.11066  C 0.7738  11s
[  9/198] F0__fold1__CoxTime                            IBS 0.11022  C 0.7738  1s
[ 10/198] F0__fold1__DeepHit                            IBS 0.18202  C 0.6682  14s
[ 11/198] F0__fold1__CBNN                               IBS 0.11027  C 0.7738  4s
[ 12/198] F0F1__fold1__KM                               IBS 0.13887  C 0.5000  0s
[ 13/198] F0F1__fold1__CoxPH                            IBS 0.10260  C 0.8172  1s
[ 14/198] F0F1__fold1__CoxNet                           IBS 0.10253  C 0.8174  0s
[ 15/198] F0F1__fold1__Cloglog                          IBS 0.10433  C 0.8152  1s
[ 16/198] F0F1__fold1__Cloglog-theory                   IBS 0.10444  C 0.8152  1s
[ 17/198] F0F1__fold1__RSF                              IBS 0.10109  C 0.8204  8s
[ 18/198] F0F1__fold1__BoostedCox                       IBS 0.10365  C 0.8195  79s
[ 19/198] F0F1__fold1__DeepSurv                         IBS 0.10218  C 0.8191  2s
[ 20/198] F0F1__fold1__CoxTime                          IBS 0.10693  C 0.8020  1s
[ 21/198] F0F1__fold1__DeepHit                          IBS 0.59409  C 0.8003  16s
[ 22/198] F0F1__fold1__CBNN                             IBS 0.10374  C 0.8151  1s
[ 23/198] F0F1F2__fold1__KM                             IBS 0.13887  C 0.5000  0s
[ 24/198] F0F1F2__fold1__CoxPH                          IBS 0.10275  C 0.8181  1s
[ 25/198] F0F1F2__fold1__CoxNet                         IBS 0.10268  C 0.8181  0s
[ 26/198] F0F1F2__fold1__Cloglog                        IBS 0.10403  C 0.8166  1s
[ 27/198] F0F1F2__fold1__Cloglog-theory                 IBS 0.10413  C 0.8168  1s
[ 28/198] F0F1F2__fold1__RSF                            IBS 0.10277  C 0.8175  4s
[ 29/198] F0F1F2__fold1__BoostedCox                     IBS 0.10423  C 0.8199  75s
[ 30/198] F0F1F2__fold1__DeepSurv                       IBS 0.10242  C 0.8192  2s
[ 31/198] F0F1F2__fold1__CoxTime                        IBS 0.11005  C 0.8011  1s
[ 32/198] F0F1F2__fold1__DeepHit                        IBS 0.15942  C 0.7211  9s
[ 33/198] F0F1F2__fold1__CBNN                           IBS 0.10394  C 0.8172  2s
[ 34/198] F0F1F2F3__fold1__KM                           IBS 0.13887  C 0.5000  0s
[ 35/198] F0F1F2F3__fold1__CoxPH                        IBS 0.10269  C 0.8281  1s
[ 36/198] F0F1F2F3__fold1__CoxNet                       IBS 0.10281  C 0.8280  0s
[ 37/198] F0F1F2F3__fold1__Cloglog                      IBS 0.10292  C 0.8253  2s
[ 38/198] F0F1F2F3__fold1__Cloglog-theory               IBS 0.10357  C 0.8264  1s
[ 39/198] F0F1F2F3__fold1__RSF                          IBS 0.10172  C 0.8204  4s
[ 40/198] F0F1F2F3__fold1__BoostedCox                   IBS 0.10546  C 0.8171  78s
[ 41/198] F0F1F2F3__fold1__DeepSurv                     IBS 0.10183  C 0.8228  2s
[ 42/198] F0F1F2F3__fold1__CoxTime                      IBS 0.10919  C 0.8067  1s
[ 43/198] F0F1F2F3__fold1__DeepHit                      IBS 0.25620  C 0.6331  12s
[ 44/198] F0F1F2F3__fold1__CBNN                         IBS 0.10112  C 0.8290  3s
[ 45/198] F0F1F2F3F4__fold1__KM                         IBS 0.13887  C 0.5000  0s
[ 46/198] F0F1F2F3F4__fold1__CoxPH                      IBS 0.10257  C 0.8288  1s
[ 47/198] F0F1F2F3F4__fold1__CoxNet                     IBS 0.10526  C 0.8189  1s
[ 48/198] F0F1F2F3F4__fold1__Cloglog                    IBS 0.10353  C 0.8257  1s
[ 49/198] F0F1F2F3F4__fold1__Cloglog-theory             IBS 0.10432  C 0.8270  1s
[ 50/198] F0F1F2F3F4__fold1__RSF                        IBS 0.10172  C 0.8208  4s
[ 51/198] F0F1F2F3F4__fold1__BoostedCox                 IBS 0.10456  C 0.8193  79s
[ 52/198] F0F1F2F3F4__fold1__DeepSurv                   IBS 0.10353  C 0.8198  2s
[ 53/198] F0F1F2F3F4__fold1__CoxTime                    IBS 0.10380  C 0.8234  1s
[ 54/198] F0F1F2F3F4__fold1__DeepHit                    IBS 0.31197  C 0.8057  14s
[ 55/198] F0F1F2F3F4__fold1__CBNN                       IBS 0.10454  C 0.8238  2s
[ 56/198] F0F1F2F3F4F5__fold1__KM                       IBS 0.13887  C 0.5000  0s
[ 57/198] F0F1F2F3F4F5__fold1__CoxPH                    IBS 0.10275  C 0.8297  1s
[ 58/198] F0F1F2F3F4F5__fold1__CoxNet                   IBS 0.10782  C 0.8171  1s
[ 59/198] F0F1F2F3F4F5__fold1__Cloglog                  IBS 0.10341  C 0.8268  1s
[ 60/198] F0F1F2F3F4F5__fold1__Cloglog-theory           IBS 0.10428  C 0.8286  1s
[ 61/198] F0F1F2F3F4F5__fold1__RSF                      IBS 0.10099  C 0.8237  5s
[ 62/198] F0F1F2F3F4F5__fold1__BoostedCox               IBS 0.10462  C 0.8209  86s
[ 63/198] F0F1F2F3F4F5__fold1__DeepSurv                 IBS 0.10271  C 0.8191  2s
[ 64/198] F0F1F2F3F4F5__fold1__CoxTime                  IBS 0.12135  C 0.8098  1s
[ 65/198] F0F1F2F3F4F5__fold1__DeepHit                  IBS 0.24280  C 0.6309  26s
[ 66/198] F0F1F2F3F4F5__fold1__CBNN                     IBS 0.10540  C 0.8232  4s
[ 67/198] F0__fold2__KM                                 IBS 0.13245  C 0.5000  0s
[ 68/198] F0__fold2__CoxPH                              IBS 0.10964  C 0.7718  1s
[ 69/198] F0__fold2__CoxNet                             IBS 0.11031  C 0.7718  0s
[ 70/198] F0__fold2__Cloglog                            IBS 0.10996  C 0.7719  0s
[ 71/198] F0__fold2__Cloglog-theory                     IBS 0.10996  C 0.7719  0s
[ 72/198] F0__fold2__RSF                                IBS 0.11042  C 0.7689  0s
[ 73/198] F0__fold2__BoostedCox                         IBS 0.11006  C 0.7707  87s
[ 74/198] F0__fold2__DeepSurv                           IBS 0.10962  C 0.7718  3s
[ 75/198] F0__fold2__CoxTime                            IBS 0.10974  C 0.7719  1s
[ 76/198] F0__fold2__DeepHit                            IBS 0.11438  C 0.7266  39s
[ 77/198] F0__fold2__CBNN                               IBS 0.10997  C 0.7711  3s
[ 78/198] F0F1__fold2__KM                               IBS 0.13245  C 0.5000  0s
[ 79/198] F0F1__fold2__CoxPH                            IBS 0.10208  C 0.8167  2s
[ 80/198] F0F1__fold2__CoxNet                           IBS 0.10211  C 0.8156  1s
[ 81/198] F0F1__fold2__Cloglog                          IBS 0.10495  C 0.8152  1s
[ 82/198] F0F1__fold2__Cloglog-theory                   IBS 0.10536  C 0.8149  1s
[ 83/198] F0F1__fold2__RSF                              IBS 0.10267  C 0.8138  7s
[ 84/198] F0F1__fold2__BoostedCox                       IBS 0.10213  C 0.8147  93s
[ 85/198] F0F1__fold2__DeepSurv                         IBS 0.10221  C 0.8155  4s
[ 86/198] F0F1__fold2__CoxTime                          IBS 0.10300  C 0.8112  4s
[ 87/198] F0F1__fold2__DeepHit                          IBS 0.18843  C 0.7975  23s
[ 88/198] F0F1__fold2__CBNN                             IBS 0.10352  C 0.8128  4s
[ 89/198] F0F1F2__fold2__KM                             IBS 0.13245  C 0.5000  0s
[ 90/198] F0F1F2__fold2__CoxPH                          IBS 0.10193  C 0.8173  2s
[ 91/198] F0F1F2__fold2__CoxNet                         IBS 0.10193  C 0.8161  1s
[ 92/198] F0F1F2__fold2__Cloglog                        IBS 0.10470  C 0.8158  2s
[ 93/198] F0F1F2__fold2__Cloglog-theory                 IBS 0.10507  C 0.8156  2s
[ 94/198] F0F1F2__fold2__RSF                            IBS 0.10256  C 0.8171  5s
[ 95/198] F0F1F2__fold2__BoostedCox                     IBS 0.10269  C 0.8122  93s
[ 96/198] F0F1F2__fold2__DeepSurv                       IBS 0.10387  C 0.8117  7s
[ 97/198] F0F1F2__fold2__CoxTime                        IBS 0.10408  C 0.8082  3s
[ 98/198] F0F1F2__fold2__DeepHit                        IBS 0.11815  C 0.7778  34s
[ 99/198] F0F1F2__fold2__CBNN                           IBS 0.10445  C 0.8106  3s
[100/198] F0F1F2F3__fold2__KM                           IBS 0.13245  C 0.5000  0s
[101/198] F0F1F2F3__fold2__CoxPH                        IBS 0.09922  C 0.8270  2s
[102/198] F0F1F2F3__fold2__CoxNet                       IBS 0.09931  C 0.8257  1s
[103/198] F0F1F2F3__fold2__Cloglog                      IBS 0.10272  C 0.8242  3s
[104/198] F0F1F2F3__fold2__Cloglog-theory               IBS 0.10378  C 0.8208  2s
[105/198] F0F1F2F3__fold2__RSF                          IBS 0.10075  C 0.8196  6s
[106/198] F0F1F2F3__fold2__BoostedCox                   IBS 0.10355  C 0.8147  90s
[107/198] F0F1F2F3__fold2__DeepSurv                     IBS 0.11798  C 0.8101  11s
[108/198] F0F1F2F3__fold2__CoxTime                      IBS 0.10538  C 0.8018  2s
[109/198] F0F1F2F3__fold2__DeepHit                      IBS 0.11952  C 0.7459  28s
[110/198] F0F1F2F3__fold2__CBNN                         IBS 0.10335  C 0.8138  5s
[111/198] F0F1F2F3F4__fold2__KM                         IBS 0.13245  C 0.5000  0s
[112/198] F0F1F2F3F4__fold2__CoxPH                      IBS 0.10014  C 0.8245  2s
[113/198] F0F1F2F3F4__fold2__CoxNet                     IBS 0.10330  C 0.8156  1s
[114/198] F0F1F2F3F4__fold2__Cloglog                    IBS 0.10473  C 0.8160  2s
[115/198] F0F1F2F3F4__fold2__Cloglog-theory             IBS 0.10601  C 0.8139  3s
[116/198] F0F1F2F3F4__fold2__RSF                        IBS 0.10139  C 0.8206  5s
[117/198] F0F1F2F3F4__fold2__BoostedCox                 IBS 0.10221  C 0.8157  95s
[118/198] F0F1F2F3F4__fold2__DeepSurv                   IBS 0.11310  C 0.7957  4s
[119/198] F0F1F2F3F4__fold2__CoxTime                    IBS 0.10668  C 0.8073  2s
[120/198] F0F1F2F3F4__fold2__DeepHit                    IBS 0.16963  C 0.7907  49s
[121/198] F0F1F2F3F4__fold2__CBNN                       IBS 0.14081  C 0.7466  6s
[122/198] F0F1F2F3F4F5__fold2__KM                       IBS 0.13245  C 0.5000  0s
[123/198] F0F1F2F3F4F5__fold2__CoxPH                    IBS 0.10017  C 0.8250  2s
[124/198] F0F1F2F3F4F5__fold2__CoxNet                   IBS 0.10533  C 0.8113  2s
[125/198] F0F1F2F3F4F5__fold2__Cloglog                  IBS 0.10412  C 0.8187  2s
[126/198] F0F1F2F3F4F5__fold2__Cloglog-theory           IBS 0.10521  C 0.8174  4s
[127/198] F0F1F2F3F4F5__fold2__RSF                      IBS 0.10124  C 0.8191  5s
[128/198] F0F1F2F3F4F5__fold2__BoostedCox               IBS 0.10274  C 0.8177  93s
[129/198] F0F1F2F3F4F5__fold2__DeepSurv                 IBS 0.12017  C 0.7815  7s
[130/198] F0F1F2F3F4F5__fold2__CoxTime                  IBS 0.13466  C 0.7621  3s
[131/198] F0F1F2F3F4F5__fold2__DeepHit                  IBS 0.11633  C 0.7621  60s
[132/198] F0F1F2F3F4F5__fold2__CBNN                     IBS 0.14507  C 0.7505  6s
[133/198] F0__fold3__KM                                 IBS 0.13803  C 0.5000  0s
[134/198] F0__fold3__CoxPH                              IBS 0.11172  C 0.8013  1s
[135/198] F0__fold3__CoxNet                             IBS 0.11199  C 0.8013  0s
[136/198] F0__fold3__Cloglog                            IBS 0.11191  C 0.8013  0s
[137/198] F0__fold3__Cloglog-theory                     IBS 0.11191  C 0.8013  0s
[138/198] F0__fold3__RSF                                IBS 0.11107  C 0.8000  0s
[139/198] F0__fold3__BoostedCox                         IBS 0.11252  C 0.7999  92s
[140/198] F0__fold3__DeepSurv                           IBS 0.11128  C 0.8005  3s
[141/198] F0__fold3__CoxTime                            IBS 0.11147  C 0.8011  1s
[142/198] F0__fold3__DeepHit                            IBS 0.15335  C 0.8011  36s
[143/198] F0__fold3__CBNN                               IBS 0.11110  C 0.8013  4s
[144/198] F0F1__fold3__KM                               IBS 0.13803  C 0.5000  0s
[145/198] F0F1__fold3__CoxPH                            IBS 0.10341  C 0.8439  2s
[146/198] F0F1__fold3__CoxNet                           IBS 0.10469  C 0.8401  3s
[147/198] F0F1__fold3__Cloglog                          IBS 0.10525  C 0.8435  2s
[148/198] F0F1__fold3__Cloglog-theory                   IBS 0.10602  C 0.8439  2s
[149/198] F0F1__fold3__RSF                              IBS 0.10178  C 0.8460  8s
[150/198] F0F1__fold3__BoostedCox                       IBS 0.10436  C 0.8441  101s
[151/198] F0F1__fold3__DeepSurv                         IBS 0.10298  C 0.8460  16s
[152/198] F0F1__fold3__CoxTime                          IBS 0.10639  C 0.8367  2s
[153/198] F0F1__fold3__DeepHit                          IBS 0.14033  C 0.8444  41s
[154/198] F0F1__fold3__CBNN                             IBS 0.10325  C 0.8440  4s
[155/198] F0F1F2__fold3__KM                             IBS 0.13803  C 0.5000  0s
[156/198] F0F1F2__fold3__CoxPH                          IBS 0.10231  C 0.8446  2s
[157/198] F0F1F2__fold3__CoxNet                         IBS 0.10397  C 0.8427  2s
[158/198] F0F1F2__fold3__Cloglog                        IBS 0.10428  C 0.8423  2s
[159/198] F0F1F2__fold3__Cloglog-theory                 IBS 0.10515  C 0.8428  3s
[160/198] F0F1F2__fold3__RSF                            IBS 0.10266  C 0.8439  5s
[161/198] F0F1F2__fold3__BoostedCox                     IBS 0.10354  C 0.8403  98s
[162/198] F0F1F2__fold3__DeepSurv                       IBS 0.10532  C 0.8413  8s
[163/198] F0F1F2__fold3__CoxTime                        IBS 0.10593  C 0.8387  3s
[164/198] F0F1F2__fold3__DeepHit                        IBS 0.12173  C 0.8380  83s
[165/198] F0F1F2__fold3__CBNN                           IBS 0.10636  C 0.8276  6s
[166/198] F0F1F2F3__fold3__KM                           IBS 0.13803  C 0.5000  0s
[167/198] F0F1F2F3__fold3__CoxPH                        IBS 0.10112  C 0.8545  3s
[168/198] F0F1F2F3__fold3__CoxNet                       IBS 0.10547  C 0.8468  3s
[169/198] F0F1F2F3__fold3__Cloglog                      IBS 0.10279  C 0.8523  2s
[170/198] F0F1F2F3__fold3__Cloglog-theory               IBS 0.10400  C 0.8522  3s
[171/198] F0F1F2F3__fold3__RSF                          IBS 0.10121  C 0.8478  6s
[172/198] F0F1F2F3__fold3__BoostedCox                   IBS 0.10361  C 0.8476  102s
[173/198] F0F1F2F3__fold3__DeepSurv                     IBS 0.12013  C 0.8424  16s
[174/198] F0F1F2F3__fold3__CoxTime                      IBS 0.10097  C 0.8528  2s
[175/198] F0F1F2F3__fold3__DeepHit                      IBS 0.10814  C 0.8413  58s
[176/198] F0F1F2F3__fold3__CBNN                         IBS 0.10534  C 0.8252  6s
[177/198] F0F1F2F3F4__fold3__KM                         IBS 0.13803  C 0.5000  0s
[178/198] F0F1F2F3F4__fold3__CoxPH                      IBS 0.10130  C 0.8531  2s
[179/198] F0F1F2F3F4__fold3__CoxNet                     IBS 0.10131  C 0.8533  2s
[180/198] F0F1F2F3F4__fold3__Cloglog                    IBS 0.10378  C 0.8512  2s
[181/198] F0F1F2F3F4__fold3__Cloglog-theory             IBS 0.10552  C 0.8513  3s
[182/198] F0F1F2F3F4__fold3__RSF                        IBS 0.10233  C 0.8469  6s
[183/198] F0F1F2F3F4__fold3__BoostedCox                 IBS 0.10381  C 0.8472  100s
[184/198] F0F1F2F3F4__fold3__DeepSurv                   IBS 0.11482  C 0.8359  7s
[185/198] F0F1F2F3F4__fold3__CoxTime                    IBS 0.09993  C 0.8469  2s
[186/198] F0F1F2F3F4__fold3__DeepHit                    IBS 0.14192  C 0.8364  42s
[187/198] F0F1F2F3F4__fold3__CBNN                       IBS 0.13597  C 0.8055  5s
[188/198] F0F1F2F3F4F5__fold3__KM                       IBS 0.13803  C 0.5000  0s
[189/198] F0F1F2F3F4F5__fold3__CoxPH                    IBS 0.10148  C 0.8529  3s
[190/198] F0F1F2F3F4F5__fold3__CoxNet                   IBS 0.10736  C 0.8413  2s
[191/198] F0F1F2F3F4F5__fold3__Cloglog                  IBS 0.10372  C 0.8524  5s
[192/198] F0F1F2F3F4F5__fold3__Cloglog-theory           IBS 0.10544  C 0.8531  6s
[193/198] F0F1F2F3F4F5__fold3__RSF                      IBS 0.10151  C 0.8492  8s
[194/198] F0F1F2F3F4F5__fold3__BoostedCox               IBS 0.10234  C 0.8476  101s
[195/198] F0F1F2F3F4F5__fold3__DeepSurv                 IBS 0.10302  C 0.8504  8s
[196/198] F0F1F2F3F4F5__fold3__CoxTime                  IBS 0.10197  C 0.8421  4s
[197/198] F0F1F2F3F4F5__fold3__DeepHit                  IBS 0.10773  C 0.8460  30s
[198/198] F0F1F2F3F4F5__fold3__CBNN                     IBS 0.10270  C 0.8483  6s

wrote /home/minhquang/wits/benchmark/runs/eu27_v3/metrics.parquet  (198 cells)
