run eu27_v2_evfta1y: 11 models x 6 feature sets x folds -> 66 cells

[  1/66] F0__fold4__KM                                 IBS nan  C 0.5000  0s
[  2/66] F0__fold4__CoxPH                              IBS nan  C 0.8120  2s
[  3/66] F0__fold4__CoxNet                             IBS nan  C 0.8120  0s
[  4/66] F0__fold4__Cloglog                            IBS nan  C 0.8109  1s
[  5/66] F0__fold4__Cloglog-theory                     IBS nan  C 0.8109  1s
[  6/66] F0__fold4__RSF                                IBS nan  C 0.8071  0s
[  7/66] F0__fold4__BoostedCox                         IBS nan  C 0.8089  96s
[  8/66] F0__fold4__DeepSurv                           IBS nan  C 0.8118  15s
[  9/66] F0__fold4__CoxTime                            IBS nan  C 0.8107  3s
[ 10/66] F0__fold4__DeepHit                            IBS nan  C 0.8133  52s
[ 11/66] F0__fold4__CBNN                               IBS nan  C 0.8088  12s
[ 12/66] F0F1__fold4__KM                               IBS nan  C 0.5000  0s
[ 13/66] F0F1__fold4__CoxPH                            IBS nan  C 0.8642  3s
[ 14/66] F0F1__fold4__CoxNet                           IBS nan  C 0.8449  2s
[ 15/66] F0F1__fold4__Cloglog                          IBS nan  C 0.8660  2s
[ 16/66] F0F1__fold4__Cloglog-theory                   IBS nan  C 0.8683  5s
[ 17/66] F0F1__fold4__RSF                              IBS nan  C 0.8613  8s
[ 18/66] F0F1__fold4__BoostedCox                       IBS nan  C 0.8643  98s
[ 19/66] F0F1__fold4__DeepSurv                         IBS nan  C 0.8676  9s
[ 20/66] F0F1__fold4__CoxTime                          IBS nan  C 0.8649  4s
[ 21/66] F0F1__fold4__DeepHit                          IBS nan  C 0.8701  77s
[ 22/66] F0F1__fold4__CBNN                             IBS nan  C 0.8648  11s
[ 23/66] F0F1F2__fold4__KM                             IBS nan  C 0.5000  0s
[ 24/66] F0F1F2__fold4__CoxPH                          IBS nan  C 0.8640  3s
[ 25/66] F0F1F2__fold4__CoxNet                         IBS nan  C 0.8639  2s
[ 26/66] F0F1F2__fold4__Cloglog                        IBS nan  C 0.8650  2s
[ 27/66] F0F1F2__fold4__Cloglog-theory                 IBS nan  C 0.8674  3s
[ 28/66] F0F1F2__fold4__RSF                            IBS nan  C 0.8623  6s
[ 29/66] F0F1F2__fold4__BoostedCox                     IBS nan  C 0.8619  99s
[ 30/66] F0F1F2__fold4__DeepSurv                       IBS nan  C 0.8601  12s
[ 31/66] F0F1F2__fold4__CoxTime                        IBS nan  C 0.8575  3s
[ 32/66] F0F1F2__fold4__DeepHit                        IBS nan  C 0.8630  69s
[ 33/66] F0F1F2__fold4__CBNN                           IBS nan  C 0.8648  12s
[ 34/66] F0F1F2F3__fold4__KM                           IBS nan  C 0.5000  0s
[ 35/66] F0F1F2F3__fold4__CoxPH                        IBS nan  C 0.8736  4s
[ 36/66] F0F1F2F3__fold4__CoxNet                       IBS nan  C 0.8735  5s
[ 37/66] F0F1F2F3__fold4__Cloglog                      IBS nan  C 0.8733  8s
[ 38/66] F0F1F2F3__fold4__Cloglog-theory               IBS nan  C 0.8756  8s
[ 39/66] F0F1F2F3__fold4__RSF                          IBS nan  C 0.8636  8s
[ 40/66] F0F1F2F3__fold4__BoostedCox                   IBS nan  C 0.8643  103s
[ 41/66] F0F1F2F3__fold4__DeepSurv                     IBS nan  C 0.8722  11s
[ 42/66] F0F1F2F3__fold4__CoxTime                      IBS nan  C 0.8575  4s
[ 43/66] F0F1F2F3__fold4__DeepHit                      IBS nan  C 0.8676  137s
[ 44/66] F0F1F2F3__fold4__CBNN                         IBS nan  C 0.8557  14s
[ 45/66] F0F1F2F3F4__fold4__KM                         IBS nan  C 0.5000  0s
[ 46/66] F0F1F2F3F4__fold4__CoxPH                      IBS nan  C 0.8729  12s
[ 47/66] F0F1F2F3F4__fold4__CoxNet                     IBS nan  C 0.8604  5s
[ 48/66] F0F1F2F3F4__fold4__Cloglog                    IBS nan  C 0.8727  4s
[ 49/66] F0F1F2F3F4__fold4__Cloglog-theory             IBS nan  C 0.8752  4s
[ 50/66] F0F1F2F3F4__fold4__RSF                        IBS nan  C 0.8627  5s
[ 51/66] F0F1F2F3F4__fold4__BoostedCox                 IBS nan  C 0.8676  100s
[ 52/66] F0F1F2F3F4__fold4__DeepSurv                   IBS nan  C 0.8686  11s
[ 53/66] F0F1F2F3F4__fold4__CoxTime                    IBS nan  C 0.8514  3s
[ 54/66] F0F1F2F3F4__fold4__DeepHit                    IBS nan  C 0.8665  75s
[ 55/66] F0F1F2F3F4__fold4__CBNN                       IBS nan  C 0.8492  5s
[ 56/66] F0F1F2F3F4F5__fold4__KM                       IBS nan  C 0.5000  0s
[ 57/66] F0F1F2F3F4F5__fold4__CoxPH                    IBS nan  C 0.8728  5s
[ 58/66] F0F1F2F3F4F5__fold4__CoxNet                   IBS nan  C 0.8722  2s
[ 59/66] F0F1F2F3F4F5__fold4__Cloglog                  IBS nan  C 0.8732  7s
[ 60/66] F0F1F2F3F4F5__fold4__Cloglog-theory           IBS nan  C 0.8759  5s
[ 61/66] F0F1F2F3F4F5__fold4__RSF                      IBS nan  C 0.8658  6s
[ 62/66] F0F1F2F3F4F5__fold4__BoostedCox               IBS nan  C 0.8684  100s
[ 63/66] F0F1F2F3F4F5__fold4__DeepSurv                 IBS nan  C 0.8684  8s
[ 64/66] F0F1F2F3F4F5__fold4__CoxTime                  IBS nan  C 0.8635  4s
[ 65/66] F0F1F2F3F4F5__fold4__DeepHit                  IBS nan  C 0.8668  36s
[ 66/66] F0F1F2F3F4F5__fold4__CBNN                     IBS nan  C 0.8568  6s

wrote /home/minhquang/wits/benchmark/runs/eu27_v2_evfta1y/metrics.parquet  (66 cells)
ALL_DONE
